// 重构日志: f7d78788
// 重构日志: 5cf5ee7b
// 重构日志: cc8c624b
// 同步 ID: cfc02cfa @ Thu Jul 30 01:04:30 UTC 2026
// 同步 ID: 8db0e895 @ Thu Jul 30 10:44:20 UTC 2026
// 同步 ID: 82f38700 @ Fri Jul 31 14:12:42 UTC 2026
// 重构日志: 0075b378
// 重构日志: 466b6f1c
// 同步 ID: 562799cf @ Sun Aug  2 14:57:53 UTC 2026
// 重构日志: d20ff1fb
// 同步 ID: c0677f9d @ Sun Aug  2 17:48:23 UTC 2026
// 同步 ID: 3c72aec2 @ Sun Aug  2 20:07:00 UTC 2026
// 重构日志: 112b8056
// 同步 ID: e4342fd7 @ Mon Aug  3 13:15:24 UTC 2026
// 同步 ID: 8a7f9d76 @ Mon Aug  3 17:34:24 UTC 2026
// 重构日志: 52ca65a0
// 同步 ID: c6bdc393 @ Tue Aug  4 10:54:29 UTC 2026
// 同步 ID: bf31847f @ Wed Aug  5 01:15:33 UTC 2026
// 重构日志: ba5e4bfe
// 重构日志: 75b174ba
// 重构日志: 78a7a9e2
// 重构日志: 7b806194
// 重构日志: 24f7af88
// 重构日志: 46e601d0
// 同步 ID: 7f0ac3c5 @ Fri Aug  7 11:45:30 UTC 2026
// 重构日志: 48cd01a9
// 同步 ID: b500714e @ Fri Aug  7 14:11:17 UTC 2026
// 重构日志: a76aa33e
// 同步 ID: 43122ba5 @ Sat Aug  8 00:46:25 UTC 2026
// 同步 ID: 1a0138ea @ Sat Aug  8 03:01:57 UTC 2026
// 重构日志: 93b8b9ba
// 重构日志: e0442dc0
